nohup: ignoring input
Traceback (most recent call last):
  File "/home/lemon/manifold-dim-reduct/phase0_aggregate/scripts/run_phase0_aggregate.py", line 15, in <module>
    main()
  File "/home/lemon/manifold-dim-reduct/phase0_aggregate/roadmap_pipeline.py", line 835, in main
    pipeline.run()
  File "/home/lemon/manifold-dim-reduct/phase0_aggregate/roadmap_pipeline.py", line 179, in run
    self.process_epigenome(eid=eid, metadata_row=metadata_df.loc[eid], fasta=fasta, chrom_sizes=chrom_sizes)
  File "/home/lemon/manifold-dim-reduct/phase0_aggregate/roadmap_pipeline.py", line 304, in process_epigenome
    self.run_liftover(normalized_plain, lifted_plain, unmapped_plain)
  File "/home/lemon/manifold-dim-reduct/phase0_aggregate/roadmap_pipeline.py", line 421, in run_liftover
    subprocess.run(command, check=True)
  File "/home/lemon/.conda/envs/biohack/lib/python3.10/subprocess.py", line 503, in run
    with Popen(*popenargs, **kwargs) as process:
  File "/home/lemon/.conda/envs/biohack/lib/python3.10/subprocess.py", line 971, in __init__
    self._execute_child(args, executable, preexec_fn, close_fds,
  File "/home/lemon/.conda/envs/biohack/lib/python3.10/subprocess.py", line 1863, in _execute_child
    raise child_exception_type(errno_num, err_msg, err_filename)
OSError: [Errno 8] Exec format error: '/home/lemon/manifold-dim-reduct/phase0_aggregate/data/roadmap_18state_full/tools/liftOver'

ERROR conda.cli.main_run:execute(125): `conda run python phase0_aggregate/scripts/run_phase0_aggregate.py --config phase0_aggregate/config/roadmap_18state_full.json` failed. (See above for error)
23:04:56 - phase0_aggregate - INFO - Starting phase0 Roadmap aggregation pipeline
23:04:56 - phase0_aggregate - INFO - Fetching Roadmap BED inventory from https://egg2.wustl.edu/roadmap/data/byFileType/chromhmmSegmentations/ChmmModels/core_K27ac/jointModel/final/
23:04:57 - phase0_aggregate - INFO - Discovered 98 Roadmap epigenomes in the 18-state release
23:04:57 - phase0_aggregate - INFO - Downloading https://docs.google.com/spreadsheets/d/0Am6FxqAtrFDwdHU1UC13ZUxKYy1XVEJPUzV6MEtQOXc/export?format=tsv&gid=15 -> /home/lemon/manifold-dim-reduct/phase0_aggregate/data/roadmap_18state_full/raw/metadata/roadmap_consolidated_metadata.tsv
23:04:59 - phase0_aggregate - INFO - Downloading https://hgdownload.soe.ucsc.edu/goldenPath/hg19/liftOver/hg19ToHg38.over.chain.gz -> /home/lemon/manifold-dim-reduct/phase0_aggregate/data/roadmap_18state_full/reference/hg19ToHg38.over.chain.gz
23:04:59 - phase0_aggregate - INFO - Downloading https://hgdownload.gi.ucsc.edu/goldenPath/hg38/bigZips/latest/hg38.fa.gz -> /home/lemon/manifold-dim-reduct/phase0_aggregate/data/roadmap_18state_full/reference/hg38.fa.gz
23:05:11 - phase0_aggregate - INFO - Downloading https://hgdownload.cse.ucsc.edu/goldenPath/hg19/bigZips/latest/hg19.fa.gz -> /home/lemon/manifold-dim-reduct/phase0_aggregate/data/roadmap_18state_full/reference/hg19.fa.gz
23:05:22 - phase0_aggregate - INFO - Downloading https://hgdownload.soe.ucsc.edu/admin/exe/macOSX.arm64/liftOver -> /home/lemon/manifold-dim-reduct/phase0_aggregate/data/roadmap_18state_full/tools/liftOver
23:05:22 - phase0_aggregate - INFO - Decompressing hg38 reference FASTA
23:05:46 - phase0_aggregate - INFO - Downloading https://egg2.wustl.edu/roadmap/data/byFileType/chromhmmSegmentations/ChmmModels/core_K27ac/jointModel/final/E003_18_core_K27ac_mnemonics.bed.gz -> /home/lemon/manifold-dim-reduct/phase0_aggregate/data/roadmap_18state_full/raw/beds/E003_18_core_K27ac_mnemonics.bed.gz
23:05:46 - phase0_aggregate - INFO - Downloading https://egg2.wustl.edu/roadmap/data/byFileType/chromhmmSegmentations/ChmmModels/core_K27ac/jointModel/final/E004_18_core_K27ac_mnemonics.bed.gz -> /home/lemon/manifold-dim-reduct/phase0_aggregate/data/roadmap_18state_full/raw/beds/E004_18_core_K27ac_mnemonics.bed.gz
23:05:46 - phase0_aggregate - INFO - Downloading https://egg2.wustl.edu/roadmap/data/byFileType/chromhmmSegmentations/ChmmModels/core_K27ac/jointModel/final/E005_18_core_K27ac_mnemonics.bed.gz -> /home/lemon/manifold-dim-reduct/phase0_aggregate/data/roadmap_18state_full/raw/beds/E005_18_core_K27ac_mnemonics.bed.gz
23:05:46 - phase0_aggregate - INFO - Downloading https://egg2.wustl.edu/roadmap/data/byFileType/chromhmmSegmentations/ChmmModels/core_K27ac/jointModel/final/E006_18_core_K27ac_mnemonics.bed.gz -> /home/lemon/manifold-dim-reduct/phase0_aggregate/data/roadmap_18state_full/raw/beds/E006_18_core_K27ac_mnemonics.bed.gz
23:05:48 - phase0_aggregate - INFO - Downloading https://egg2.wustl.edu/roadmap/data/byFileType/chromhmmSegmentations/ChmmModels/core_K27ac/jointModel/final/E007_18_core_K27ac_mnemonics.bed.gz -> /home/lemon/manifold-dim-reduct/phase0_aggregate/data/roadmap_18state_full/raw/beds/E007_18_core_K27ac_mnemonics.bed.gz
23:05:48 - phase0_aggregate - INFO - Downloading https://egg2.wustl.edu/roadmap/data/byFileType/chromhmmSegmentations/ChmmModels/core_K27ac/jointModel/final/E008_18_core_K27ac_mnemonics.bed.gz -> /home/lemon/manifold-dim-reduct/phase0_aggregate/data/roadmap_18state_full/raw/beds/E008_18_core_K27ac_mnemonics.bed.gz
23:05:48 - phase0_aggregate - INFO - Downloading https://egg2.wustl.edu/roadmap/data/byFileType/chromhmmSegmentations/ChmmModels/core_K27ac/jointModel/final/E011_18_core_K27ac_mnemonics.bed.gz -> /home/lemon/manifold-dim-reduct/phase0_aggregate/data/roadmap_18state_full/raw/beds/E011_18_core_K27ac_mnemonics.bed.gz
23:05:48 - phase0_aggregate - INFO - Downloading https://egg2.wustl.edu/roadmap/data/byFileType/chromhmmSegmentations/ChmmModels/core_K27ac/jointModel/final/E012_18_core_K27ac_mnemonics.bed.gz -> /home/lemon/manifold-dim-reduct/phase0_aggregate/data/roadmap_18state_full/raw/beds/E012_18_core_K27ac_mnemonics.bed.gz
23:05:49 - phase0_aggregate - INFO - Downloading https://egg2.wustl.edu/roadmap/data/byFileType/chromhmmSegmentations/ChmmModels/core_K27ac/jointModel/final/E013_18_core_K27ac_mnemonics.bed.gz -> /home/lemon/manifold-dim-reduct/phase0_aggregate/data/roadmap_18state_full/raw/beds/E013_18_core_K27ac_mnemonics.bed.gz
23:05:50 - phase0_aggregate - INFO - Downloading https://egg2.wustl.edu/roadmap/data/byFileType/chromhmmSegmentations/ChmmModels/core_K27ac/jointModel/final/E014_18_core_K27ac_mnemonics.bed.gz -> /home/lemon/manifold-dim-reduct/phase0_aggregate/data/roadmap_18state_full/raw/beds/E014_18_core_K27ac_mnemonics.bed.gz
23:05:50 - phase0_aggregate - INFO - Downloading https://egg2.wustl.edu/roadmap/data/byFileType/chromhmmSegmentations/ChmmModels/core_K27ac/jointModel/final/E015_18_core_K27ac_mnemonics.bed.gz -> /home/lemon/manifold-dim-reduct/phase0_aggregate/data/roadmap_18state_full/raw/beds/E015_18_core_K27ac_mnemonics.bed.gz
23:05:50 - phase0_aggregate - INFO - Downloading https://egg2.wustl.edu/roadmap/data/byFileType/chromhmmSegmentations/ChmmModels/core_K27ac/jointModel/final/E016_18_core_K27ac_mnemonics.bed.gz -> /home/lemon/manifold-dim-reduct/phase0_aggregate/data/roadmap_18state_full/raw/beds/E016_18_core_K27ac_mnemonics.bed.gz
23:05:51 - phase0_aggregate - INFO - Downloading https://egg2.wustl.edu/roadmap/data/byFileType/chromhmmSegmentations/ChmmModels/core_K27ac/jointModel/final/E017_18_core_K27ac_mnemonics.bed.gz -> /home/lemon/manifold-dim-reduct/phase0_aggregate/data/roadmap_18state_full/raw/beds/E017_18_core_K27ac_mnemonics.bed.gz
23:05:51 - phase0_aggregate - INFO - Downloading https://egg2.wustl.edu/roadmap/data/byFileType/chromhmmSegmentations/ChmmModels/core_K27ac/jointModel/final/E019_18_core_K27ac_mnemonics.bed.gz -> /home/lemon/manifold-dim-reduct/phase0_aggregate/data/roadmap_18state_full/raw/beds/E019_18_core_K27ac_mnemonics.bed.gz
23:05:52 - phase0_aggregate - INFO - Downloading https://egg2.wustl.edu/roadmap/data/byFileType/chromhmmSegmentations/ChmmModels/core_K27ac/jointModel/final/E020_18_core_K27ac_mnemonics.bed.gz -> /home/lemon/manifold-dim-reduct/phase0_aggregate/data/roadmap_18state_full/raw/beds/E020_18_core_K27ac_mnemonics.bed.gz
23:05:52 - phase0_aggregate - INFO - Downloading https://egg2.wustl.edu/roadmap/data/byFileType/chromhmmSegmentations/ChmmModels/core_K27ac/jointModel/final/E021_18_core_K27ac_mnemonics.bed.gz -> /home/lemon/manifold-dim-reduct/phase0_aggregate/data/roadmap_18state_full/raw/beds/E021_18_core_K27ac_mnemonics.bed.gz
23:05:53 - phase0_aggregate - INFO - Downloading https://egg2.wustl.edu/roadmap/data/byFileType/chromhmmSegmentations/ChmmModels/core_K27ac/jointModel/final/E022_18_core_K27ac_mnemonics.bed.gz -> /home/lemon/manifold-dim-reduct/phase0_aggregate/data/roadmap_18state_full/raw/beds/E022_18_core_K27ac_mnemonics.bed.gz
23:05:53 - phase0_aggregate - INFO - Downloading https://egg2.wustl.edu/roadmap/data/byFileType/chromhmmSegmentations/ChmmModels/core_K27ac/jointModel/final/E026_18_core_K27ac_mnemonics.bed.gz -> /home/lemon/manifold-dim-reduct/phase0_aggregate/data/roadmap_18state_full/raw/beds/E026_18_core_K27ac_mnemonics.bed.gz
23:05:54 - phase0_aggregate - INFO - Downloading https://egg2.wustl.edu/roadmap/data/byFileType/chromhmmSegmentations/ChmmModels/core_K27ac/jointModel/final/E029_18_core_K27ac_mnemonics.bed.gz -> /home/lemon/manifold-dim-reduct/phase0_aggregate/data/roadmap_18state_full/raw/beds/E029_18_core_K27ac_mnemonics.bed.gz
23:05:54 - phase0_aggregate - INFO - Downloading https://egg2.wustl.edu/roadmap/data/byFileType/chromhmmSegmentations/ChmmModels/core_K27ac/jointModel/final/E032_18_core_K27ac_mnemonics.bed.gz -> /home/lemon/manifold-dim-reduct/phase0_aggregate/data/roadmap_18state_full/raw/beds/E032_18_core_K27ac_mnemonics.bed.gz
23:05:55 - phase0_aggregate - INFO - Downloading https://egg2.wustl.edu/roadmap/data/byFileType/chromhmmSegmentations/ChmmModels/core_K27ac/jointModel/final/E034_18_core_K27ac_mnemonics.bed.gz -> /home/lemon/manifold-dim-reduct/phase0_aggregate/data/roadmap_18state_full/raw/beds/E034_18_core_K27ac_mnemonics.bed.gz
23:05:55 - phase0_aggregate - INFO - Downloading https://egg2.wustl.edu/roadmap/data/byFileType/chromhmmSegmentations/ChmmModels/core_K27ac/jointModel/final/E037_18_core_K27ac_mnemonics.bed.gz -> /home/lemon/manifold-dim-reduct/phase0_aggregate/data/roadmap_18state_full/raw/beds/E037_18_core_K27ac_mnemonics.bed.gz
23:05:55 - phase0_aggregate - INFO - Downloading https://egg2.wustl.edu/roadmap/data/byFileType/chromhmmSegmentations/ChmmModels/core_K27ac/jointModel/final/E038_18_core_K27ac_mnemonics.bed.gz -> /home/lemon/manifold-dim-reduct/phase0_aggregate/data/roadmap_18state_full/raw/beds/E038_18_core_K27ac_mnemonics.bed.gz
23:05:56 - phase0_aggregate - INFO - Downloading https://egg2.wustl.edu/roadmap/data/byFileType/chromhmmSegmentations/ChmmModels/core_K27ac/jointModel/final/E039_18_core_K27ac_mnemonics.bed.gz -> /home/lemon/manifold-dim-reduct/phase0_aggregate/data/roadmap_18state_full/raw/beds/E039_18_core_K27ac_mnemonics.bed.gz
23:05:56 - phase0_aggregate - INFO - Downloading https://egg2.wustl.edu/roadmap/data/byFileType/chromhmmSegmentations/ChmmModels/core_K27ac/jointModel/final/E040_18_core_K27ac_mnemonics.bed.gz -> /home/lemon/manifold-dim-reduct/phase0_aggregate/data/roadmap_18state_full/raw/beds/E040_18_core_K27ac_mnemonics.bed.gz
23:05:56 - phase0_aggregate - INFO - Downloading https://egg2.wustl.edu/roadmap/data/byFileType/chromhmmSegmentations/ChmmModels/core_K27ac/jointModel/final/E041_18_core_K27ac_mnemonics.bed.gz -> /home/lemon/manifold-dim-reduct/phase0_aggregate/data/roadmap_18state_full/raw/beds/E041_18_core_K27ac_mnemonics.bed.gz
23:05:56 - phase0_aggregate - INFO - Downloading https://egg2.wustl.edu/roadmap/data/byFileType/chromhmmSegmentations/ChmmModels/core_K27ac/jointModel/final/E042_18_core_K27ac_mnemonics.bed.gz -> /home/lemon/manifold-dim-reduct/phase0_aggregate/data/roadmap_18state_full/raw/beds/E042_18_core_K27ac_mnemonics.bed.gz
23:05:57 - phase0_aggregate - INFO - Downloading https://egg2.wustl.edu/roadmap/data/byFileType/chromhmmSegmentations/ChmmModels/core_K27ac/jointModel/final/E043_18_core_K27ac_mnemonics.bed.gz -> /home/lemon/manifold-dim-reduct/phase0_aggregate/data/roadmap_18state_full/raw/beds/E043_18_core_K27ac_mnemonics.bed.gz
23:05:57 - phase0_aggregate - INFO - Downloading https://egg2.wustl.edu/roadmap/data/byFileType/chromhmmSegmentations/ChmmModels/core_K27ac/jointModel/final/E044_18_core_K27ac_mnemonics.bed.gz -> /home/lemon/manifold-dim-reduct/phase0_aggregate/data/roadmap_18state_full/raw/beds/E044_18_core_K27ac_mnemonics.bed.gz
23:05:58 - phase0_aggregate - INFO - Downloading https://egg2.wustl.edu/roadmap/data/byFileType/chromhmmSegmentations/ChmmModels/core_K27ac/jointModel/final/E045_18_core_K27ac_mnemonics.bed.gz -> /home/lemon/manifold-dim-reduct/phase0_aggregate/data/roadmap_18state_full/raw/beds/E045_18_core_K27ac_mnemonics.bed.gz
23:05:58 - phase0_aggregate - INFO - Downloading https://egg2.wustl.edu/roadmap/data/byFileType/chromhmmSegmentations/ChmmModels/core_K27ac/jointModel/final/E046_18_core_K27ac_mnemonics.bed.gz -> /home/lemon/manifold-dim-reduct/phase0_aggregate/data/roadmap_18state_full/raw/beds/E046_18_core_K27ac_mnemonics.bed.gz
23:05:58 - phase0_aggregate - INFO - Downloading https://egg2.wustl.edu/roadmap/data/byFileType/chromhmmSegmentations/ChmmModels/core_K27ac/jointModel/final/E047_18_core_K27ac_mnemonics.bed.gz -> /home/lemon/manifold-dim-reduct/phase0_aggregate/data/roadmap_18state_full/raw/beds/E047_18_core_K27ac_mnemonics.bed.gz
23:05:59 - phase0_aggregate - INFO - Downloading https://egg2.wustl.edu/roadmap/data/byFileType/chromhmmSegmentations/ChmmModels/core_K27ac/jointModel/final/E048_18_core_K27ac_mnemonics.bed.gz -> /home/lemon/manifold-dim-reduct/phase0_aggregate/data/roadmap_18state_full/raw/beds/E048_18_core_K27ac_mnemonics.bed.gz
23:05:59 - phase0_aggregate - INFO - Downloading https://egg2.wustl.edu/roadmap/data/byFileType/chromhmmSegmentations/ChmmModels/core_K27ac/jointModel/final/E049_18_core_K27ac_mnemonics.bed.gz -> /home/lemon/manifold-dim-reduct/phase0_aggregate/data/roadmap_18state_full/raw/beds/E049_18_core_K27ac_mnemonics.bed.gz
23:05:59 - phase0_aggregate - INFO - Downloading https://egg2.wustl.edu/roadmap/data/byFileType/chromhmmSegmentations/ChmmModels/core_K27ac/jointModel/final/E050_18_core_K27ac_mnemonics.bed.gz -> /home/lemon/manifold-dim-reduct/phase0_aggregate/data/roadmap_18state_full/raw/beds/E050_18_core_K27ac_mnemonics.bed.gz
23:05:59 - phase0_aggregate - INFO - Downloading https://egg2.wustl.edu/roadmap/data/byFileType/chromhmmSegmentations/ChmmModels/core_K27ac/jointModel/final/E055_18_core_K27ac_mnemonics.bed.gz -> /home/lemon/manifold-dim-reduct/phase0_aggregate/data/roadmap_18state_full/raw/beds/E055_18_core_K27ac_mnemonics.bed.gz
23:06:00 - phase0_aggregate - INFO - Downloading https://egg2.wustl.edu/roadmap/data/byFileType/chromhmmSegmentations/ChmmModels/core_K27ac/jointModel/final/E056_18_core_K27ac_mnemonics.bed.gz -> /home/lemon/manifold-dim-reduct/phase0_aggregate/data/roadmap_18state_full/raw/beds/E056_18_core_K27ac_mnemonics.bed.gz
23:06:01 - phase0_aggregate - INFO - Downloading https://egg2.wustl.edu/roadmap/data/byFileType/chromhmmSegmentations/ChmmModels/core_K27ac/jointModel/final/E058_18_core_K27ac_mnemonics.bed.gz -> /home/lemon/manifold-dim-reduct/phase0_aggregate/data/roadmap_18state_full/raw/beds/E058_18_core_K27ac_mnemonics.bed.gz
23:06:01 - phase0_aggregate - INFO - Downloading https://egg2.wustl.edu/roadmap/data/byFileType/chromhmmSegmentations/ChmmModels/core_K27ac/jointModel/final/E059_18_core_K27ac_mnemonics.bed.gz -> /home/lemon/manifold-dim-reduct/phase0_aggregate/data/roadmap_18state_full/raw/beds/E059_18_core_K27ac_mnemonics.bed.gz
23:06:02 - phase0_aggregate - INFO - Downloading https://egg2.wustl.edu/roadmap/data/byFileType/chromhmmSegmentations/ChmmModels/core_K27ac/jointModel/final/E061_18_core_K27ac_mnemonics.bed.gz -> /home/lemon/manifold-dim-reduct/phase0_aggregate/data/roadmap_18state_full/raw/beds/E061_18_core_K27ac_mnemonics.bed.gz
23:06:02 - phase0_aggregate - INFO - Downloading https://egg2.wustl.edu/roadmap/data/byFileType/chromhmmSegmentations/ChmmModels/core_K27ac/jointModel/final/E062_18_core_K27ac_mnemonics.bed.gz -> /home/lemon/manifold-dim-reduct/phase0_aggregate/data/roadmap_18state_full/raw/beds/E062_18_core_K27ac_mnemonics.bed.gz
23:06:02 - phase0_aggregate - INFO - Downloading https://egg2.wustl.edu/roadmap/data/byFileType/chromhmmSegmentations/ChmmModels/core_K27ac/jointModel/final/E063_18_core_K27ac_mnemonics.bed.gz -> /home/lemon/manifold-dim-reduct/phase0_aggregate/data/roadmap_18state_full/raw/beds/E063_18_core_K27ac_mnemonics.bed.gz
23:06:03 - phase0_aggregate - INFO - Downloading https://egg2.wustl.edu/roadmap/data/byFileType/chromhmmSegmentations/ChmmModels/core_K27ac/jointModel/final/E065_18_core_K27ac_mnemonics.bed.gz -> /home/lemon/manifold-dim-reduct/phase0_aggregate/data/roadmap_18state_full/raw/beds/E065_18_core_K27ac_mnemonics.bed.gz
23:06:03 - phase0_aggregate - INFO - Downloading https://egg2.wustl.edu/roadmap/data/byFileType/chromhmmSegmentations/ChmmModels/core_K27ac/jointModel/final/E066_18_core_K27ac_mnemonics.bed.gz -> /home/lemon/manifold-dim-reduct/phase0_aggregate/data/roadmap_18state_full/raw/beds/E066_18_core_K27ac_mnemonics.bed.gz
23:06:04 - phase0_aggregate - INFO - Downloading https://egg2.wustl.edu/roadmap/data/byFileType/chromhmmSegmentations/ChmmModels/core_K27ac/jointModel/final/E067_18_core_K27ac_mnemonics.bed.gz -> /home/lemon/manifold-dim-reduct/phase0_aggregate/data/roadmap_18state_full/raw/beds/E067_18_core_K27ac_mnemonics.bed.gz
23:06:04 - phase0_aggregate - INFO - Downloading https://egg2.wustl.edu/roadmap/data/byFileType/chromhmmSegmentations/ChmmModels/core_K27ac/jointModel/final/E068_18_core_K27ac_mnemonics.bed.gz -> /home/lemon/manifold-dim-reduct/phase0_aggregate/data/roadmap_18state_full/raw/beds/E068_18_core_K27ac_mnemonics.bed.gz
23:06:04 - phase0_aggregate - INFO - Downloading https://egg2.wustl.edu/roadmap/data/byFileType/chromhmmSegmentations/ChmmModels/core_K27ac/jointModel/final/E069_18_core_K27ac_mnemonics.bed.gz -> /home/lemon/manifold-dim-reduct/phase0_aggregate/data/roadmap_18state_full/raw/beds/E069_18_core_K27ac_mnemonics.bed.gz
23:06:05 - phase0_aggregate - INFO - Downloading https://egg2.wustl.edu/roadmap/data/byFileType/chromhmmSegmentations/ChmmModels/core_K27ac/jointModel/final/E071_18_core_K27ac_mnemonics.bed.gz -> /home/lemon/manifold-dim-reduct/phase0_aggregate/data/roadmap_18state_full/raw/beds/E071_18_core_K27ac_mnemonics.bed.gz
23:06:06 - phase0_aggregate - INFO - Downloading https://egg2.wustl.edu/roadmap/data/byFileType/chromhmmSegmentations/ChmmModels/core_K27ac/jointModel/final/E072_18_core_K27ac_mnemonics.bed.gz -> /home/lemon/manifold-dim-reduct/phase0_aggregate/data/roadmap_18state_full/raw/beds/E072_18_core_K27ac_mnemonics.bed.gz
23:06:06 - phase0_aggregate - INFO - Downloading https://egg2.wustl.edu/roadmap/data/byFileType/chromhmmSegmentations/ChmmModels/core_K27ac/jointModel/final/E073_18_core_K27ac_mnemonics.bed.gz -> /home/lemon/manifold-dim-reduct/phase0_aggregate/data/roadmap_18state_full/raw/beds/E073_18_core_K27ac_mnemonics.bed.gz
23:06:06 - phase0_aggregate - INFO - Downloading https://egg2.wustl.edu/roadmap/data/byFileType/chromhmmSegmentations/ChmmModels/core_K27ac/jointModel/final/E074_18_core_K27ac_mnemonics.bed.gz -> /home/lemon/manifold-dim-reduct/phase0_aggregate/data/roadmap_18state_full/raw/beds/E074_18_core_K27ac_mnemonics.bed.gz
23:06:06 - phase0_aggregate - INFO - Downloading https://egg2.wustl.edu/roadmap/data/byFileType/chromhmmSegmentations/ChmmModels/core_K27ac/jointModel/final/E075_18_core_K27ac_mnemonics.bed.gz -> /home/lemon/manifold-dim-reduct/phase0_aggregate/data/roadmap_18state_full/raw/beds/E075_18_core_K27ac_mnemonics.bed.gz
23:06:08 - phase0_aggregate - INFO - Downloading https://egg2.wustl.edu/roadmap/data/byFileType/chromhmmSegmentations/ChmmModels/core_K27ac/jointModel/final/E076_18_core_K27ac_mnemonics.bed.gz -> /home/lemon/manifold-dim-reduct/phase0_aggregate/data/roadmap_18state_full/raw/beds/E076_18_core_K27ac_mnemonics.bed.gz
23:06:08 - phase0_aggregate - INFO - Downloading https://egg2.wustl.edu/roadmap/data/byFileType/chromhmmSegmentations/ChmmModels/core_K27ac/jointModel/final/E078_18_core_K27ac_mnemonics.bed.gz -> /home/lemon/manifold-dim-reduct/phase0_aggregate/data/roadmap_18state_full/raw/beds/E078_18_core_K27ac_mnemonics.bed.gz
23:06:08 - phase0_aggregate - INFO - Downloading https://egg2.wustl.edu/roadmap/data/byFileType/chromhmmSegmentations/ChmmModels/core_K27ac/jointModel/final/E079_18_core_K27ac_mnemonics.bed.gz -> /home/lemon/manifold-dim-reduct/phase0_aggregate/data/roadmap_18state_full/raw/beds/E079_18_core_K27ac_mnemonics.bed.gz
23:06:08 - phase0_aggregate - INFO - Downloading https://egg2.wustl.edu/roadmap/data/byFileType/chromhmmSegmentations/ChmmModels/core_K27ac/jointModel/final/E080_18_core_K27ac_mnemonics.bed.gz -> /home/lemon/manifold-dim-reduct/phase0_aggregate/data/roadmap_18state_full/raw/beds/E080_18_core_K27ac_mnemonics.bed.gz
23:06:09 - phase0_aggregate - INFO - Downloading https://egg2.wustl.edu/roadmap/data/byFileType/chromhmmSegmentations/ChmmModels/core_K27ac/jointModel/final/E084_18_core_K27ac_mnemonics.bed.gz -> /home/lemon/manifold-dim-reduct/phase0_aggregate/data/roadmap_18state_full/raw/beds/E084_18_core_K27ac_mnemonics.bed.gz
23:06:09 - phase0_aggregate - INFO - Downloading https://egg2.wustl.edu/roadmap/data/byFileType/chromhmmSegmentations/ChmmModels/core_K27ac/jointModel/final/E085_18_core_K27ac_mnemonics.bed.gz -> /home/lemon/manifold-dim-reduct/phase0_aggregate/data/roadmap_18state_full/raw/beds/E085_18_core_K27ac_mnemonics.bed.gz
23:06:09 - phase0_aggregate - INFO - Downloading https://egg2.wustl.edu/roadmap/data/byFileType/chromhmmSegmentations/ChmmModels/core_K27ac/jointModel/final/E087_18_core_K27ac_mnemonics.bed.gz -> /home/lemon/manifold-dim-reduct/phase0_aggregate/data/roadmap_18state_full/raw/beds/E087_18_core_K27ac_mnemonics.bed.gz
23:06:10 - phase0_aggregate - INFO - Downloading https://egg2.wustl.edu/roadmap/data/byFileType/chromhmmSegmentations/ChmmModels/core_K27ac/jointModel/final/E089_18_core_K27ac_mnemonics.bed.gz -> /home/lemon/manifold-dim-reduct/phase0_aggregate/data/roadmap_18state_full/raw/beds/E089_18_core_K27ac_mnemonics.bed.gz
23:06:10 - phase0_aggregate - INFO - Downloading https://egg2.wustl.edu/roadmap/data/byFileType/chromhmmSegmentations/ChmmModels/core_K27ac/jointModel/final/E090_18_core_K27ac_mnemonics.bed.gz -> /home/lemon/manifold-dim-reduct/phase0_aggregate/data/roadmap_18state_full/raw/beds/E090_18_core_K27ac_mnemonics.bed.gz
23:06:11 - phase0_aggregate - INFO - Downloading https://egg2.wustl.edu/roadmap/data/byFileType/chromhmmSegmentations/ChmmModels/core_K27ac/jointModel/final/E091_18_core_K27ac_mnemonics.bed.gz -> /home/lemon/manifold-dim-reduct/phase0_aggregate/data/roadmap_18state_full/raw/beds/E091_18_core_K27ac_mnemonics.bed.gz
23:06:11 - phase0_aggregate - INFO - Downloading https://egg2.wustl.edu/roadmap/data/byFileType/chromhmmSegmentations/ChmmModels/core_K27ac/jointModel/final/E092_18_core_K27ac_mnemonics.bed.gz -> /home/lemon/manifold-dim-reduct/phase0_aggregate/data/roadmap_18state_full/raw/beds/E092_18_core_K27ac_mnemonics.bed.gz
23:06:12 - phase0_aggregate - INFO - Downloading https://egg2.wustl.edu/roadmap/data/byFileType/chromhmmSegmentations/ChmmModels/core_K27ac/jointModel/final/E093_18_core_K27ac_mnemonics.bed.gz -> /home/lemon/manifold-dim-reduct/phase0_aggregate/data/roadmap_18state_full/raw/beds/E093_18_core_K27ac_mnemonics.bed.gz
23:06:12 - phase0_aggregate - INFO - Downloading https://egg2.wustl.edu/roadmap/data/byFileType/chromhmmSegmentations/ChmmModels/core_K27ac/jointModel/final/E094_18_core_K27ac_mnemonics.bed.gz -> /home/lemon/manifold-dim-reduct/phase0_aggregate/data/roadmap_18state_full/raw/beds/E094_18_core_K27ac_mnemonics.bed.gz
23:06:12 - phase0_aggregate - INFO - Downloading https://egg2.wustl.edu/roadmap/data/byFileType/chromhmmSegmentations/ChmmModels/core_K27ac/jointModel/final/E095_18_core_K27ac_mnemonics.bed.gz -> /home/lemon/manifold-dim-reduct/phase0_aggregate/data/roadmap_18state_full/raw/beds/E095_18_core_K27ac_mnemonics.bed.gz
23:06:13 - phase0_aggregate - INFO - Downloading https://egg2.wustl.edu/roadmap/data/byFileType/chromhmmSegmentations/ChmmModels/core_K27ac/jointModel/final/E096_18_core_K27ac_mnemonics.bed.gz -> /home/lemon/manifold-dim-reduct/phase0_aggregate/data/roadmap_18state_full/raw/beds/E096_18_core_K27ac_mnemonics.bed.gz
23:06:13 - phase0_aggregate - INFO - Downloading https://egg2.wustl.edu/roadmap/data/byFileType/chromhmmSegmentations/ChmmModels/core_K27ac/jointModel/final/E097_18_core_K27ac_mnemonics.bed.gz -> /home/lemon/manifold-dim-reduct/phase0_aggregate/data/roadmap_18state_full/raw/beds/E097_18_core_K27ac_mnemonics.bed.gz
23:06:13 - phase0_aggregate - INFO - Downloading https://egg2.wustl.edu/roadmap/data/byFileType/chromhmmSegmentations/ChmmModels/core_K27ac/jointModel/final/E098_18_core_K27ac_mnemonics.bed.gz -> /home/lemon/manifold-dim-reduct/phase0_aggregate/data/roadmap_18state_full/raw/beds/E098_18_core_K27ac_mnemonics.bed.gz
23:06:14 - phase0_aggregate - INFO - Downloading https://egg2.wustl.edu/roadmap/data/byFileType/chromhmmSegmentations/ChmmModels/core_K27ac/jointModel/final/E099_18_core_K27ac_mnemonics.bed.gz -> /home/lemon/manifold-dim-reduct/phase0_aggregate/data/roadmap_18state_full/raw/beds/E099_18_core_K27ac_mnemonics.bed.gz
23:06:15 - phase0_aggregate - INFO - Downloading https://egg2.wustl.edu/roadmap/data/byFileType/chromhmmSegmentations/ChmmModels/core_K27ac/jointModel/final/E100_18_core_K27ac_mnemonics.bed.gz -> /home/lemon/manifold-dim-reduct/phase0_aggregate/data/roadmap_18state_full/raw/beds/E100_18_core_K27ac_mnemonics.bed.gz
23:06:15 - phase0_aggregate - INFO - Downloading https://egg2.wustl.edu/roadmap/data/byFileType/chromhmmSegmentations/ChmmModels/core_K27ac/jointModel/final/E101_18_core_K27ac_mnemonics.bed.gz -> /home/lemon/manifold-dim-reduct/phase0_aggregate/data/roadmap_18state_full/raw/beds/E101_18_core_K27ac_mnemonics.bed.gz
23:06:15 - phase0_aggregate - INFO - Downloading https://egg2.wustl.edu/roadmap/data/byFileType/chromhmmSegmentations/ChmmModels/core_K27ac/jointModel/final/E102_18_core_K27ac_mnemonics.bed.gz -> /home/lemon/manifold-dim-reduct/phase0_aggregate/data/roadmap_18state_full/raw/beds/E102_18_core_K27ac_mnemonics.bed.gz
23:06:15 - phase0_aggregate - INFO - Downloading https://egg2.wustl.edu/roadmap/data/byFileType/chromhmmSegmentations/ChmmModels/core_K27ac/jointModel/final/E103_18_core_K27ac_mnemonics.bed.gz -> /home/lemon/manifold-dim-reduct/phase0_aggregate/data/roadmap_18state_full/raw/beds/E103_18_core_K27ac_mnemonics.bed.gz
23:06:16 - phase0_aggregate - INFO - Downloading https://egg2.wustl.edu/roadmap/data/byFileType/chromhmmSegmentations/ChmmModels/core_K27ac/jointModel/final/E104_18_core_K27ac_mnemonics.bed.gz -> /home/lemon/manifold-dim-reduct/phase0_aggregate/data/roadmap_18state_full/raw/beds/E104_18_core_K27ac_mnemonics.bed.gz
23:06:16 - phase0_aggregate - INFO - Downloading https://egg2.wustl.edu/roadmap/data/byFileType/chromhmmSegmentations/ChmmModels/core_K27ac/jointModel/final/E105_18_core_K27ac_mnemonics.bed.gz -> /home/lemon/manifold-dim-reduct/phase0_aggregate/data/roadmap_18state_full/raw/beds/E105_18_core_K27ac_mnemonics.bed.gz
23:06:16 - phase0_aggregate - INFO - Downloading https://egg2.wustl.edu/roadmap/data/byFileType/chromhmmSegmentations/ChmmModels/core_K27ac/jointModel/final/E106_18_core_K27ac_mnemonics.bed.gz -> /home/lemon/manifold-dim-reduct/phase0_aggregate/data/roadmap_18state_full/raw/beds/E106_18_core_K27ac_mnemonics.bed.gz
23:06:16 - phase0_aggregate - INFO - Downloading https://egg2.wustl.edu/roadmap/data/byFileType/chromhmmSegmentations/ChmmModels/core_K27ac/jointModel/final/E108_18_core_K27ac_mnemonics.bed.gz -> /home/lemon/manifold-dim-reduct/phase0_aggregate/data/roadmap_18state_full/raw/beds/E108_18_core_K27ac_mnemonics.bed.gz
23:06:17 - phase0_aggregate - INFO - Downloading https://egg2.wustl.edu/roadmap/data/byFileType/chromhmmSegmentations/ChmmModels/core_K27ac/jointModel/final/E109_18_core_K27ac_mnemonics.bed.gz -> /home/lemon/manifold-dim-reduct/phase0_aggregate/data/roadmap_18state_full/raw/beds/E109_18_core_K27ac_mnemonics.bed.gz
23:06:18 - phase0_aggregate - INFO - Downloading https://egg2.wustl.edu/roadmap/data/byFileType/chromhmmSegmentations/ChmmModels/core_K27ac/jointModel/final/E111_18_core_K27ac_mnemonics.bed.gz -> /home/lemon/manifold-dim-reduct/phase0_aggregate/data/roadmap_18state_full/raw/beds/E111_18_core_K27ac_mnemonics.bed.gz
23:06:18 - phase0_aggregate - INFO - Downloading https://egg2.wustl.edu/roadmap/data/byFileType/chromhmmSegmentations/ChmmModels/core_K27ac/jointModel/final/E112_18_core_K27ac_mnemonics.bed.gz -> /home/lemon/manifold-dim-reduct/phase0_aggregate/data/roadmap_18state_full/raw/beds/E112_18_core_K27ac_mnemonics.bed.gz
23:06:18 - phase0_aggregate - INFO - Downloading https://egg2.wustl.edu/roadmap/data/byFileType/chromhmmSegmentations/ChmmModels/core_K27ac/jointModel/final/E113_18_core_K27ac_mnemonics.bed.gz -> /home/lemon/manifold-dim-reduct/phase0_aggregate/data/roadmap_18state_full/raw/beds/E113_18_core_K27ac_mnemonics.bed.gz
23:06:19 - phase0_aggregate - INFO - Downloading https://egg2.wustl.edu/roadmap/data/byFileType/chromhmmSegmentations/ChmmModels/core_K27ac/jointModel/final/E114_18_core_K27ac_mnemonics.bed.gz -> /home/lemon/manifold-dim-reduct/phase0_aggregate/data/roadmap_18state_full/raw/beds/E114_18_core_K27ac_mnemonics.bed.gz
23:06:19 - phase0_aggregate - INFO - Downloading https://egg2.wustl.edu/roadmap/data/byFileType/chromhmmSegmentations/ChmmModels/core_K27ac/jointModel/final/E115_18_core_K27ac_mnemonics.bed.gz -> /home/lemon/manifold-dim-reduct/phase0_aggregate/data/roadmap_18state_full/raw/beds/E115_18_core_K27ac_mnemonics.bed.gz
23:06:19 - phase0_aggregate - INFO - Downloading https://egg2.wustl.edu/roadmap/data/byFileType/chromhmmSegmentations/ChmmModels/core_K27ac/jointModel/final/E116_18_core_K27ac_mnemonics.bed.gz -> /home/lemon/manifold-dim-reduct/phase0_aggregate/data/roadmap_18state_full/raw/beds/E116_18_core_K27ac_mnemonics.bed.gz
23:06:20 - phase0_aggregate - INFO - Downloading https://egg2.wustl.edu/roadmap/data/byFileType/chromhmmSegmentations/ChmmModels/core_K27ac/jointModel/final/E117_18_core_K27ac_mnemonics.bed.gz -> /home/lemon/manifold-dim-reduct/phase0_aggregate/data/roadmap_18state_full/raw/beds/E117_18_core_K27ac_mnemonics.bed.gz
23:06:20 - phase0_aggregate - INFO - Downloading https://egg2.wustl.edu/roadmap/data/byFileType/chromhmmSegmentations/ChmmModels/core_K27ac/jointModel/final/E118_18_core_K27ac_mnemonics.bed.gz -> /home/lemon/manifold-dim-reduct/phase0_aggregate/data/roadmap_18state_full/raw/beds/E118_18_core_K27ac_mnemonics.bed.gz
23:06:20 - phase0_aggregate - INFO - Downloading https://egg2.wustl.edu/roadmap/data/byFileType/chromhmmSegmentations/ChmmModels/core_K27ac/jointModel/final/E119_18_core_K27ac_mnemonics.bed.gz -> /home/lemon/manifold-dim-reduct/phase0_aggregate/data/roadmap_18state_full/raw/beds/E119_18_core_K27ac_mnemonics.bed.gz
23:06:21 - phase0_aggregate - INFO - Downloading https://egg2.wustl.edu/roadmap/data/byFileType/chromhmmSegmentations/ChmmModels/core_K27ac/jointModel/final/E120_18_core_K27ac_mnemonics.bed.gz -> /home/lemon/manifold-dim-reduct/phase0_aggregate/data/roadmap_18state_full/raw/beds/E120_18_core_K27ac_mnemonics.bed.gz
23:06:21 - phase0_aggregate - INFO - Downloading https://egg2.wustl.edu/roadmap/data/byFileType/chromhmmSegmentations/ChmmModels/core_K27ac/jointModel/final/E121_18_core_K27ac_mnemonics.bed.gz -> /home/lemon/manifold-dim-reduct/phase0_aggregate/data/roadmap_18state_full/raw/beds/E121_18_core_K27ac_mnemonics.bed.gz
23:06:22 - phase0_aggregate - INFO - Downloading https://egg2.wustl.edu/roadmap/data/byFileType/chromhmmSegmentations/ChmmModels/core_K27ac/jointModel/final/E122_18_core_K27ac_mnemonics.bed.gz -> /home/lemon/manifold-dim-reduct/phase0_aggregate/data/roadmap_18state_full/raw/beds/E122_18_core_K27ac_mnemonics.bed.gz
23:06:22 - phase0_aggregate - INFO - Downloading https://egg2.wustl.edu/roadmap/data/byFileType/chromhmmSegmentations/ChmmModels/core_K27ac/jointModel/final/E123_18_core_K27ac_mnemonics.bed.gz -> /home/lemon/manifold-dim-reduct/phase0_aggregate/data/roadmap_18state_full/raw/beds/E123_18_core_K27ac_mnemonics.bed.gz
23:06:23 - phase0_aggregate - INFO - Downloading https://egg2.wustl.edu/roadmap/data/byFileType/chromhmmSegmentations/ChmmModels/core_K27ac/jointModel/final/E124_18_core_K27ac_mnemonics.bed.gz -> /home/lemon/manifold-dim-reduct/phase0_aggregate/data/roadmap_18state_full/raw/beds/E124_18_core_K27ac_mnemonics.bed.gz
23:06:23 - phase0_aggregate - INFO - Downloading https://egg2.wustl.edu/roadmap/data/byFileType/chromhmmSegmentations/ChmmModels/core_K27ac/jointModel/final/E125_18_core_K27ac_mnemonics.bed.gz -> /home/lemon/manifold-dim-reduct/phase0_aggregate/data/roadmap_18state_full/raw/beds/E125_18_core_K27ac_mnemonics.bed.gz
23:06:24 - phase0_aggregate - INFO - Downloading https://egg2.wustl.edu/roadmap/data/byFileType/chromhmmSegmentations/ChmmModels/core_K27ac/jointModel/final/E126_18_core_K27ac_mnemonics.bed.gz -> /home/lemon/manifold-dim-reduct/phase0_aggregate/data/roadmap_18state_full/raw/beds/E126_18_core_K27ac_mnemonics.bed.gz
23:06:24 - phase0_aggregate - INFO - Downloading https://egg2.wustl.edu/roadmap/data/byFileType/chromhmmSegmentations/ChmmModels/core_K27ac/jointModel/final/E127_18_core_K27ac_mnemonics.bed.gz -> /home/lemon/manifold-dim-reduct/phase0_aggregate/data/roadmap_18state_full/raw/beds/E127_18_core_K27ac_mnemonics.bed.gz
23:06:24 - phase0_aggregate - INFO - Downloading https://egg2.wustl.edu/roadmap/data/byFileType/chromhmmSegmentations/ChmmModels/core_K27ac/jointModel/final/E128_18_core_K27ac_mnemonics.bed.gz -> /home/lemon/manifold-dim-reduct/phase0_aggregate/data/roadmap_18state_full/raw/beds/E128_18_core_K27ac_mnemonics.bed.gz
23:06:25 - phase0_aggregate - INFO - Downloading https://egg2.wustl.edu/roadmap/data/byFileType/chromhmmSegmentations/ChmmModels/core_K27ac/jointModel/final/E129_18_core_K27ac_mnemonics.bed.gz -> /home/lemon/manifold-dim-reduct/phase0_aggregate/data/roadmap_18state_full/raw/beds/E129_18_core_K27ac_mnemonics.bed.gz
23:06:27 - phase0_aggregate - INFO - Loading hg38 reference FASTA from /home/lemon/manifold-dim-reduct/phase0_aggregate/data/roadmap_18state_full/reference/hg38.fa
23:06:56 - phase0_aggregate - INFO - Processing E003 (H1 Cells)
23:07:05 - phase0_aggregate - INFO - Sorting normalized BED because 2 order violations were detected
23:07:13 - phase0_aggregate - INFO - Running liftOver on E003.normalized.bed

